[2026-09-15T23:40:01.130Z] Sincronización completada: 91/91 lotes aplicados exitosamente en Zeus ERP (Korex_Pruebas en ZEUSAGENCIAS10).
[2026-09-15T23:42:42.762Z] Sincronización completada: 57/57 lotes aplicados exitosamente en Zeus ERP (Korex_Pruebas en ZEUSAGENCIAS10).
[2026-09-15T23:47:53.007Z] Sincronización completada: 57/57 lotes aplicados exitosamente en Zeus ERP (Korex_Pruebas en ZEUSAGENCIAS10).
[2026-09-15T23:55:35.582Z] Sincronización completada: 56/57 lotes aplicados exitosamente en Zeus ERP (Korex_Pruebas en ZEUSAGENCIAS10).
[2026-09-15T23:56:56.554Z] Sincronización completada: 56/57 lotes aplicados exitosamente en Zeus ERP (Korex_Pruebas en ZEUSAGENCIAS10).
[2026-09-16T00:00:33.602Z] Sincronización completada: 56/57 lotes aplicados exitosamente en Zeus ERP (Korex_Pruebas en ZEUSAGENCIAS10).
[2026-09-16T00:01:22.488Z] Sincronización completada: 56/57 lotes aplicados exitosamente en Zeus ERP (Korex_Pruebas en ZEUSAGENCIAS10).
[2026-09-16T00:02:13.439Z] Sincronización completada: 56/57 lotes aplicados exitosamente en Zeus ERP (Korex_Pruebas en ZEUSAGENCIAS10).
[2026-09-16T00:02:42.081Z] Sincronización completada: 56/57 lotes aplicados exitosamente en Zeus ERP (Korex_Pruebas en ZEUSAGENCIAS10).
[2026-09-16T00:03:17.682Z] Sincronización completada: 56/57 lotes aplicados exitosamente en Zeus ERP (Korex_Pruebas en ZEUSAGENCIAS10).
[2026-09-16T00:03:54.255Z] Sincronización completada: 56/57 lotes aplicados exitosamente en Zeus ERP (Korex_Pruebas en ZEUSAGENCIAS10).
[2026-09-16T00:04:23.217Z] Sincronización completada: 56/57 lotes aplicados exitosamente en Zeus ERP (Korex_Pruebas en ZEUSAGENCIAS10).
[2026-09-16T00:04:56.007Z] Sincronización completada: 56/57 lotes aplicados exitosamente en Zeus ERP (Korex_Pruebas en ZEUSAGENCIAS10).
[2026-09-16T00:05:41.395Z] Sincronización completada: 56/57 lotes aplicados exitosamente en Zeus ERP (Korex_Pruebas en ZEUSAGENCIAS10).
[2026-09-16T00:06:34.637Z] Sincronización completada: 56/57 lotes aplicados exitosamente en Zeus ERP (Korex_Pruebas en ZEUSAGENCIAS10).
[2026-09-16T00:06:58.590Z] Sincronización completada: 56/57 lotes aplicados exitosamente en Zeus ERP (Korex_Pruebas en ZEUSAGENCIAS10).
[2026-09-16T00:07:20.175Z] Sincronización completada: 56/57 lotes aplicados exitosamente en Zeus ERP (Korex_Pruebas en ZEUSAGENCIAS10).
[2026-09-16T00:07:44.510Z] Sincronización completada: 56/57 lotes aplicados exitosamente en Zeus ERP (Korex_Pruebas en ZEUSAGENCIAS10).
[2026-09-16T00:08:14.291Z] Sincronización completada: 56/57 lotes aplicados exitosamente en Zeus ERP (Korex_Pruebas en ZEUSAGENCIAS10).
[2026-09-16T00:08:39.496Z] Sincronización completada: 56/57 lotes aplicados exitosamente en Zeus ERP (Korex_Pruebas en ZEUSAGENCIAS10).
[2026-09-16T00:09:02.029Z] Sincronización completada: 56/57 lotes aplicados exitosamente en Zeus ERP (Korex_Pruebas en ZEUSAGENCIAS10).
[2026-09-16T00:09:23.772Z] Sincronización completada: 56/57 lotes aplicados exitosamente en Zeus ERP (Korex_Pruebas en ZEUSAGENCIAS10).
[2026-09-16T00:09:45.961Z] Sincronización completada: 56/57 lotes aplicados exitosamente en Zeus ERP (Korex_Pruebas en ZEUSAGENCIAS10).
[2026-09-16T00:10:08.553Z] Sincronización completada: 56/57 lotes aplicados exitosamente en Zeus ERP (Korex_Pruebas en ZEUSAGENCIAS10).
[2026-09-16T00:10:29.793Z] Sincronización completada: 56/57 lotes aplicados exitosamente en Zeus ERP (Korex_Pruebas en ZEUSAGENCIAS10).
[2026-09-16T00:10:52.510Z] Sincronización completada: 56/57 lotes aplicados exitosamente en Zeus ERP (Korex_Pruebas en ZEUSAGENCIAS10).
[2026-09-16T00:11:19.497Z] Sincronización completada: 56/57 lotes aplicados exitosamente en Zeus ERP (Korex_Pruebas en ZEUSAGENCIAS10).
[2026-09-16T00:11:39.294Z] Sincronización completada: 56/57 lotes aplicados exitosamente en Zeus ERP (Korex_Pruebas en ZEUSAGENCIAS10).
[2026-09-16T00:12:02.051Z] Sincronización completada: 56/57 lotes aplicados exitosamente en Zeus ERP (Korex_Pruebas en ZEUSAGENCIAS10).
[2026-09-16T00:12:28.388Z] Sincronización completada: 56/57 lotes aplicados exitosamente en Zeus ERP (Korex_Pruebas en ZEUSAGENCIAS10).
[2026-09-16T00:12:51.866Z] Sincronización completada: 55/57 lotes aplicados exitosamente en Zeus ERP (Korex_Pruebas en ZEUSAGENCIAS10).
[2026-09-16T00:13:17.240Z] Sincronización completada: 56/57 lotes aplicados exitosamente en Zeus ERP (Korex_Pruebas en ZEUSAGENCIAS10).
[2026-09-16T00:13:41.378Z] Sincronización completada: 56/57 lotes aplicados exitosamente en Zeus ERP (Korex_Pruebas en ZEUSAGENCIAS10).
[2026-09-16T00:14:04.134Z] Sincronización completada: 56/57 lotes aplicados exitosamente en Zeus ERP (Korex_Pruebas en ZEUSAGENCIAS10).
[2026-09-16T00:14:32.106Z] Sincronización completada: 56/57 lotes aplicados exitosamente en Zeus ERP (Korex_Pruebas en ZEUSAGENCIAS10).
[2026-09-16T00:15:43.712Z] Sincronización completada: 56/57 lotes aplicados exitosamente en Zeus ERP (Korex_Pruebas en ZEUSAGENCIAS10).
[2026-09-16T00:15:57.726Z] Sincronización completada: 56/57 lotes aplicados exitosamente en Zeus ERP (Korex_Pruebas en ZEUSAGENCIAS10).
[2026-09-16T00:16:15.090Z] Sincronización completada: 56/57 lotes aplicados exitosamente en Zeus ERP (Korex_Pruebas en ZEUSAGENCIAS10).
[2026-09-16T00:16:31.804Z] Sincronización completada: 56/57 lotes aplicados exitosamente en Zeus ERP (Korex_Pruebas en ZEUSAGENCIAS10).
[2026-09-16T00:16:45.397Z] Sincronización completada: 56/57 lotes aplicados exitosamente en Zeus ERP (Korex_Pruebas en ZEUSAGENCIAS10).
[2026-09-16T00:17:03.462Z] Sincronización completada: 56/57 lotes aplicados exitosamente en Zeus ERP (Korex_Pruebas en ZEUSAGENCIAS10).
[2026-09-16T00:17:17.560Z] Sincronización completada: 56/57 lotes aplicados exitosamente en Zeus ERP (Korex_Pruebas en ZEUSAGENCIAS10).
[2026-09-16T00:17:32.575Z] Sincronización completada: 56/57 lotes aplicados exitosamente en Zeus ERP (Korex_Pruebas en ZEUSAGENCIAS10).
[2026-09-16T00:17:46.455Z] Sincronización completada: 56/57 lotes aplicados exitosamente en Zeus ERP (Korex_Pruebas en ZEUSAGENCIAS10).
[2026-09-16T00:18:01.212Z] Sincronización completada: 56/57 lotes aplicados exitosamente en Zeus ERP (Korex_Pruebas en ZEUSAGENCIAS10).
[2026-09-16T00:18:15.113Z] Sincronización completada: 56/57 lotes aplicados exitosamente en Zeus ERP (Korex_Pruebas en ZEUSAGENCIAS10).
[2026-09-16T00:18:29.879Z] Sincronización completada: 56/57 lotes aplicados exitosamente en Zeus ERP (Korex_Pruebas en ZEUSAGENCIAS10).
[2026-09-16T00:18:43.865Z] Sincronización completada: 56/57 lotes aplicados exitosamente en Zeus ERP (Korex_Pruebas en ZEUSAGENCIAS10).
[2026-09-16T00:18:58.637Z] Sincronización completada: 56/57 lotes aplicados exitosamente en Zeus ERP (Korex_Pruebas en ZEUSAGENCIAS10).
[2026-09-16T00:19:14.133Z] Sincronización completada: 56/57 lotes aplicados exitosamente en Zeus ERP (Korex_Pruebas en ZEUSAGENCIAS10).
[2026-09-16T00:19:29.351Z] Sincronización completada: 56/57 lotes aplicados exitosamente en Zeus ERP (Korex_Pruebas en ZEUSAGENCIAS10).
[2026-09-16T00:19:44.406Z] Sincronización completada: 56/57 lotes aplicados exitosamente en Zeus ERP (Korex_Pruebas en ZEUSAGENCIAS10).
[2026-09-16T00:19:59.817Z] Sincronización completada: 56/57 lotes aplicados exitosamente en Zeus ERP (Korex_Pruebas en ZEUSAGENCIAS10).
[2026-09-16T00:20:16.355Z] Sincronización completada: 56/57 lotes aplicados exitosamente en Zeus ERP (Korex_Pruebas en ZEUSAGENCIAS10).
[2026-09-16T00:20:32.983Z] Sincronización completada: 56/57 lotes aplicados exitosamente en Zeus ERP (Korex_Pruebas en ZEUSAGENCIAS10).
[2026-09-16T00:20:49.321Z] Sincronización completada: 56/57 lotes aplicados exitosamente en Zeus ERP (Korex_Pruebas en ZEUSAGENCIAS10).
[2026-09-16T00:21:06.772Z] Sincronización completada: 56/57 lotes aplicados exitosamente en Zeus ERP (Korex_Pruebas en ZEUSAGENCIAS10).
[2026-09-16T00:21:22.505Z] Sincronización completada: 56/57 lotes aplicados exitosamente en Zeus ERP (Korex_Pruebas en ZEUSAGENCIAS10).
[2026-09-16T00:21:39.730Z] Sincronización completada: 56/57 lotes aplicados exitosamente en Zeus ERP (Korex_Pruebas en ZEUSAGENCIAS10).
[2026-09-16T00:21:57.347Z] Sincronización completada: 56/57 lotes aplicados exitosamente en Zeus ERP (Korex_Pruebas en ZEUSAGENCIAS10).
[2026-09-16T00:22:13.854Z] Sincronización completada: 56/57 lotes aplicados exitosamente en Zeus ERP (Korex_Pruebas en ZEUSAGENCIAS10).
[2026-09-16T00:22:30.181Z] Sincronización completada: 56/57 lotes aplicados exitosamente en Zeus ERP (Korex_Pruebas en ZEUSAGENCIAS10).
[2026-09-16T00:22:46.691Z] Sincronización completada: 56/57 lotes aplicados exitosamente en Zeus ERP (Korex_Pruebas en ZEUSAGENCIAS10).
[2026-09-16T00:23:04.369Z] Sincronización completada: 56/57 lotes aplicados exitosamente en Zeus ERP (Korex_Pruebas en ZEUSAGENCIAS10).
[2026-09-16T00:23:22.166Z] Sincronización completada: 56/57 lotes aplicados exitosamente en Zeus ERP (Korex_Pruebas en ZEUSAGENCIAS10).
[2026-09-16T00:23:43.316Z] Sincronización completada: 56/57 lotes aplicados exitosamente en Zeus ERP (Korex_Pruebas en ZEUSAGENCIAS10).
[2026-09-16T00:24:00.720Z] Sincronización completada: 56/57 lotes aplicados exitosamente en Zeus ERP (Korex_Pruebas en ZEUSAGENCIAS10).
[2026-09-16T00:24:21.547Z] Sincronización completada: 56/57 lotes aplicados exitosamente en Zeus ERP (Korex_Pruebas en ZEUSAGENCIAS10).
[2026-09-16T00:24:40.220Z] Sincronización completada: 56/57 lotes aplicados exitosamente en Zeus ERP (Korex_Pruebas en ZEUSAGENCIAS10).
[2026-09-16T00:25:00.154Z] Sincronización completada: 56/57 lotes aplicados exitosamente en Zeus ERP (Korex_Pruebas en ZEUSAGENCIAS10).
[2026-09-16T00:25:18.809Z] Sincronización completada: 56/57 lotes aplicados exitosamente en Zeus ERP (Korex_Pruebas en ZEUSAGENCIAS10).
[2026-09-16T00:25:41.756Z] Sincronización completada: 56/57 lotes aplicados exitosamente en Zeus ERP (Korex_Pruebas en ZEUSAGENCIAS10).
[2026-09-16T00:26:07.839Z] Sincronización completada: 56/57 lotes aplicados exitosamente en Zeus ERP (Korex_Pruebas en ZEUSAGENCIAS10).
[2026-09-16T00:26:21.910Z] Sincronización completada: 56/57 lotes aplicados exitosamente en Zeus ERP (Korex_Pruebas en ZEUSAGENCIAS10).
[2026-09-16T00:26:35.388Z] Sincronización completada: 56/57 lotes aplicados exitosamente en Zeus ERP (Korex_Pruebas en ZEUSAGENCIAS10).
[2026-09-16T00:41:17.116Z] Sincronización completada: 56/57 lotes aplicados exitosamente en Zeus ERP (Korex_Pruebas en ZEUSAGENCIAS10).
[2026-09-16T00:45:28.270Z] Sincronización completada: 56/57 lotes aplicados exitosamente en Zeus ERP (Korex_Pruebas en ZEUSAGENCIAS10).
[2026-09-16T00:49:45.959Z] Sincronización completada: 52/57 lotes aplicados exitosamente en Zeus ERP (Zeusagencias_23 en ZEUSAGENCIAS10).
[2026-09-16T00:57:37.664Z] Sincronización completada: 52/54 lotes aplicados exitosamente en Zeus ERP (Zeusagencias_23 en ZEUSAGENCIAS10).
[2026-09-16T00:57:56.556Z] Sincronización completada: 52/54 lotes aplicados exitosamente en Zeus ERP (Zeusagencias_23 en ZEUSAGENCIAS10).
[2026-09-16T00:58:36.780Z] Sincronización completada: 57/57 lotes aplicados exitosamente en Zeus ERP (Zeusagencias_23 en ZEUSAGENCIAS10).
[2026-09-16T16:16:34.319Z] Sincronización completada: 56/57 lotes aplicados exitosamente en Zeus ERP (Korex_Pruebas en ZEUSAGENCIAS10).
[2026-09-16T16:29:06.019Z] Sincronización completada: 64/65 lotes aplicados exitosamente en Zeus ERP (Korex_Pruebas en ZEUSAGENCIAS10).
[2026-09-16T16:35:13.668Z] Sincronización completada: 74/75 lotes aplicados exitosamente en Zeus ERP (Korex_Pruebas en ZEUSAGENCIAS10).
[2026-09-16T16:45:08.403Z] Sincronización completada: 70/71 lotes aplicados exitosamente en Zeus ERP (ZeusAgencias_23 en ZEUSAGENCIAS10).
[2026-09-16T16:57:31.923Z] Sincronización completada: 70/71 lotes aplicados exitosamente en Zeus ERP (ZeusAgencias_23 en ZEUSAGENCIAS10).
[2026-09-16T17:09:00.905Z] Sincronización completada: 70/71 lotes aplicados exitosamente en Zeus ERP (ZeusAgencias_23 en ZEUSAGENCIAS10).
[2026-09-16T19:40:27.307Z] Sincronización completada: 70/71 lotes aplicados exitosamente en Zeus ERP (ZeusAgencias_23 en ZEUSAGENCIAS10).
[2026-09-16T19:46:40.939Z] Sincronización completada: 70/71 lotes aplicados exitosamente en Zeus ERP (ZeusAgencias_23 en ZEUSAGENCIAS10).
[2026-09-16T19:50:21.861Z] Sincronización completada: 70/71 lotes aplicados exitosamente en Zeus ERP (ZeusAgencias_23 en ZEUSAGENCIAS10).
[2026-09-16T19:53:08.826Z] Sincronización completada: 70/71 lotes aplicados exitosamente en Zeus ERP (ZeusAgencias_23 en ZEUSAGENCIAS10).
[2026-09-16T20:09:01.727Z] Sincronización completada: 70/71 lotes aplicados exitosamente en Zeus ERP (ZeusAgencias_23 en ZEUSAGENCIAS10).
[2026-09-16T20:15:51.808Z] Sincronización completada: 70/71 lotes aplicados exitosamente en Zeus ERP (ZeusAgencias_23 en ZEUSAGENCIAS10).
[2026-09-16T20:35:16.925Z] Sincronización completada: 70/71 lotes aplicados exitosamente en Zeus ERP (ZeusAgencias_23 en ZEUSAGENCIAS10).
[2026-09-16T20:46:54.575Z] Sincronización completada: 70/71 lotes aplicados exitosamente en Zeus ERP (ZeusAgencias_23 en ZEUSAGENCIAS10).
[2026-09-16T21:25:46.965Z] Sincronización completada: 70/71 lotes aplicados exitosamente en Zeus ERP (ZeusAgencias_23 en ZEUSAGENCIAS10).
[2026-09-16T22:13:42.748Z] Sincronización completada: 70/71 lotes aplicados exitosamente en Zeus ERP (ZeusAgencias_23 en ZEUSAGENCIAS10).
[2026-09-16T22:57:11.128Z] Sincronización completada: 70/71 lotes aplicados exitosamente en Zeus ERP (ZeusAgencias_23 en ZEUSAGENCIAS10).
[2026-09-16T22:57:31.752Z] Sincronización completada: 70/71 lotes aplicados exitosamente en Zeus ERP (ZeusAgencias_23 en ZEUSAGENCIAS10).
[2026-09-16T23:19:15.565Z] Sincronización completada: 70/71 lotes aplicados exitosamente en Zeus ERP (ZeusAgencias_23 en ZEUSAGENCIAS10).
[2026-09-16T23:26:45.857Z] Sincronización completada: 70/71 lotes aplicados exitosamente en Zeus ERP (ZeusAgencias_23 en ZEUSAGENCIAS10).
[2026-09-16T23:30:22.777Z] Sincronización completada: 70/71 lotes aplicados exitosamente en Zeus ERP (ZeusAgencias_23 en ZEUSAGENCIAS10).
[2026-09-16T23:33:39.515Z] Sincronización completada: 71/71 lotes aplicados exitosamente en [Korex_Pruebas] (ZEUSAGENCIAS10).
[2026-09-16T23:33:40.394Z] Sincronización completada: 70/71 lotes aplicados exitosamente en [ZeusAgencias_23] (ZEUSAGENCIAS10).
[2026-09-17T02:00:38.927Z] Sincronización completada: 71/71 lotes aplicados exitosamente en [Korex_Pruebas] (ZEUSAGENCIAS10).
[2026-09-17T02:00:40.690Z] Sincronización completada: 70/71 lotes aplicados exitosamente en [ZeusAgencias_23] (ZEUSAGENCIAS10).
[2026-09-17T02:01:43.747Z] Sincronización completada: 71/71 lotes aplicados exitosamente en [Korex_Pruebas] (ZEUSAGENCIAS10).
[2026-09-17T02:01:45.288Z] Sincronización completada: 70/71 lotes aplicados exitosamente en [ZeusAgencias_23] (ZEUSAGENCIAS10).
[2026-09-17T15:36:21.677Z] Sincronización completada: 71/71 lotes aplicados exitosamente en [Korex_Pruebas] (ZEUSAGENCIAS10).
[2026-09-17T15:36:22.523Z] Sincronización completada: 70/71 lotes aplicados exitosamente en [ZeusAgencias_23] (ZEUSAGENCIAS10).
[2026-09-17T15:55:39.135Z] Sincronización completada: 71/71 lotes aplicados exitosamente en [Korex_Pruebas] (ZEUSAGENCIAS10).
[2026-09-17T15:55:40.166Z] Sincronización completada: 70/71 lotes aplicados exitosamente en [ZeusAgencias_23] (ZEUSAGENCIAS10).
[2026-09-17T16:08:10.734Z] Sincronización completada: 71/71 lotes aplicados exitosamente en [Korex_Pruebas] (ZEUSAGENCIAS10).
[2026-09-17T16:08:11.225Z] Sincronización completada: 70/71 lotes aplicados exitosamente en [ZeusAgencias_23] (ZEUSAGENCIAS10).
[2026-09-17T16:31:24.675Z] Sincronización completada: 69/71 lotes aplicados exitosamente en [Korex_Pruebas] (ZEUSAGENCIAS10).
[2026-09-17T16:31:25.024Z] Sincronización completada: 70/71 lotes aplicados exitosamente en [ZeusAgencias_23] (ZEUSAGENCIAS10).
[2026-09-17T16:34:25.723Z] Sincronización completada: 69/71 lotes aplicados exitosamente en [Korex_Pruebas] (ZEUSAGENCIAS10).
[2026-09-17T16:34:26.066Z] Sincronización completada: 70/71 lotes aplicados exitosamente en [ZeusAgencias_23] (ZEUSAGENCIAS10).
[2026-09-17T16:46:07.637Z] Sincronización completada: 69/71 lotes aplicados exitosamente en [Korex_Pruebas] (ZEUSAGENCIAS10).
[2026-09-17T16:46:07.969Z] Sincronización completada: 70/71 lotes aplicados exitosamente en [ZeusAgencias_23] (ZEUSAGENCIAS10).
[2026-09-17T16:48:23.868Z] Sincronización completada: 72/72 lotes aplicados exitosamente en [Korex_Pruebas] (ZEUSAGENCIAS10).
[2026-09-17T16:48:24.633Z] Sincronización completada: 71/72 lotes aplicados exitosamente en [ZeusAgencias_23] (ZEUSAGENCIAS10).
[2026-09-17T17:10:40.643Z] Sincronización completada: 71/72 lotes aplicados exitosamente en [Korex_Pruebas] (ZEUSAGENCIAS10).
[2026-09-17T17:10:41.412Z] Sincronización completada: 70/72 lotes aplicados exitosamente en [ZeusAgencias_23] (ZEUSAGENCIAS10).
[2026-09-17T17:12:51.717Z] Sincronización completada: 71/72 lotes aplicados exitosamente en [Korex_Pruebas] (ZEUSAGENCIAS10).
[2026-09-17T17:12:52.515Z] Sincronización completada: 71/72 lotes aplicados exitosamente en [ZeusAgencias_23] (ZEUSAGENCIAS10).
[2026-09-17T17:16:56.457Z] Sincronización completada: 71/72 lotes aplicados exitosamente en [Korex_Pruebas] (ZEUSAGENCIAS10).
[2026-09-17T17:16:57.258Z] Sincronización completada: 71/72 lotes aplicados exitosamente en [ZeusAgencias_23] (ZEUSAGENCIAS10).
[2026-09-17T17:22:58.150Z] Sincronización completada: 71/72 lotes aplicados exitosamente en [Korex_Pruebas] (ZEUSAGENCIAS10).
[2026-09-17T17:22:59.255Z] Sincronización completada: 71/72 lotes aplicados exitosamente en [ZeusAgencias_23] (ZEUSAGENCIAS10).
[2026-09-17T17:49:17.090Z] Sincronización completada: 70/72 lotes aplicados exitosamente en [Korex_Pruebas] (ZEUSAGENCIAS10).
[2026-09-17T17:49:18.425Z] Sincronización completada: 70/72 lotes aplicados exitosamente en [ZeusAgencias_23] (ZEUSAGENCIAS10).
[2026-09-17T20:57:01.475Z] Sincronización completada: 70/72 lotes aplicados exitosamente en [Korex_Pruebas] (ZEUSAGENCIAS10).
[2026-09-17T20:57:02.546Z] Sincronización completada: 71/72 lotes aplicados exitosamente en [ZeusAgencias_23] (ZEUSAGENCIAS10).
[2026-09-17T21:00:40.504Z] Sincronización completada: 70/72 lotes aplicados exitosamente en [Korex_Pruebas] (ZEUSAGENCIAS10).
[2026-09-17T21:00:46.157Z] Sincronización completada: 71/72 lotes aplicados exitosamente en [ZeusAgencias_23] (ZEUSAGENCIAS10).
[2026-09-17T21:00:51.021Z] Sincronización completada: 70/72 lotes aplicados exitosamente en [Korex_Pruebas] (ZEUSAGENCIAS10).
[2026-09-17T21:01:09.740Z] Sincronización completada: 71/72 lotes aplicados exitosamente en [ZeusAgencias_23] (ZEUSAGENCIAS10).
[2026-09-17T22:02:59.693Z] Sincronización completada: 70/73 lotes aplicados exitosamente en [Korex_Pruebas] (ZEUSAGENCIAS10).
[2026-09-17T22:03:02.913Z] Sincronización completada: 71/73 lotes aplicados exitosamente en [ZeusAgencias_23] (ZEUSAGENCIAS10).
[2026-09-17T22:42:38.438Z] Sincronización completada: 70/73 lotes aplicados exitosamente en [Korex_Pruebas] (ZEUSAGENCIAS10).
[2026-09-17T22:42:39.687Z] Sincronización completada: 72/73 lotes aplicados exitosamente en [ZeusAgencias_23] (ZEUSAGENCIAS10).
[2026-09-18T01:32:05.908Z] Sincronización completada: 70/73 lotes aplicados exitosamente en [Korex_Pruebas] (ZEUSAGENCIAS10).
[2026-09-18T01:32:07.045Z] Sincronización completada: 72/73 lotes aplicados exitosamente en [ZeusAgencias_23] (ZEUSAGENCIAS10).
[2026-09-18T02:21:07.250Z] Sincronización completada: 70/73 lotes aplicados exitosamente en [Korex_Pruebas] (ZEUSAGENCIAS10).
[2026-09-18T02:21:08.433Z] Sincronización completada: 72/73 lotes aplicados exitosamente en [ZeusAgencias_23] (ZEUSAGENCIAS10).
[2026-09-18T02:28:46.479Z] Sincronización completada: 70/73 lotes aplicados exitosamente en [Korex_Pruebas] (ZEUSAGENCIAS10).
[2026-09-18T02:28:47.632Z] Sincronización completada: 72/73 lotes aplicados exitosamente en [ZeusAgencias_23] (ZEUSAGENCIAS10).
[2026-09-18T02:30:11.690Z] Sincronización completada: 70/73 lotes aplicados exitosamente en [Korex_Pruebas] (ZEUSAGENCIAS10).
[2026-09-18T02:30:12.206Z] Sincronización completada: 72/73 lotes aplicados exitosamente en [ZeusAgencias_23] (ZEUSAGENCIAS10).
[2026-09-18T02:34:31.557Z] Sincronización completada: 70/73 lotes aplicados exitosamente en [Korex_Pruebas] (ZEUSAGENCIAS10).
[2026-09-18T02:34:32.391Z] Sincronización completada: 72/73 lotes aplicados exitosamente en [ZeusAgencias_23] (ZEUSAGENCIAS10).
[2026-09-18T02:53:24.956Z] Sincronización completada: 70/73 lotes aplicados exitosamente en [Korex_Pruebas] (ZEUSAGENCIAS10).
[2026-09-18T02:53:25.908Z] Sincronización completada: 71/73 lotes aplicados exitosamente en [ZeusAgencias_23] (ZEUSAGENCIAS10).
[2026-09-18T02:53:44.944Z] Sincronización completada: 70/73 lotes aplicados exitosamente en [Korex_Pruebas] (ZEUSAGENCIAS10).
[2026-09-18T02:53:46.202Z] Sincronización completada: 72/73 lotes aplicados exitosamente en [ZeusAgencias_23] (ZEUSAGENCIAS10).
[2026-09-18T02:55:34.297Z] Sincronización completada: 70/73 lotes aplicados exitosamente en [Korex_Pruebas] (ZEUSAGENCIAS10).
[2026-09-18T02:55:35.296Z] Sincronización completada: 72/73 lotes aplicados exitosamente en [ZeusAgencias_23] (ZEUSAGENCIAS10).
[2026-09-18T02:58:08.872Z] Sincronización completada: 70/73 lotes aplicados exitosamente en [Korex_Pruebas] (ZEUSAGENCIAS10).
[2026-09-18T02:58:09.473Z] Sincronización completada: 72/73 lotes aplicados exitosamente en [ZeusAgencias_23] (ZEUSAGENCIAS10).
[2026-09-18T02:59:57.751Z] Sincronización completada: 70/73 lotes aplicados exitosamente en [Korex_Pruebas] (ZEUSAGENCIAS10).
[2026-09-18T02:59:58.247Z] Sincronización completada: 72/73 lotes aplicados exitosamente en [ZeusAgencias_23] (ZEUSAGENCIAS10).
[2026-09-18T03:01:22.688Z] Sincronización completada: 70/73 lotes aplicados exitosamente en [Korex_Pruebas] (ZEUSAGENCIAS10).
[2026-09-18T03:01:23.428Z] Sincronización completada: 72/73 lotes aplicados exitosamente en [ZeusAgencias_23] (ZEUSAGENCIAS10).
[2026-09-18T03:06:17.198Z] Sincronización completada: 70/73 lotes aplicados exitosamente en [Korex_Pruebas] (ZEUSAGENCIAS10).
[2026-09-18T03:06:17.970Z] Sincronización completada: 72/73 lotes aplicados exitosamente en [ZeusAgencias_23] (ZEUSAGENCIAS10).
[2026-09-18T03:08:07.618Z] Sincronización completada: 70/73 lotes aplicados exitosamente en [Korex_Pruebas] (ZEUSAGENCIAS10).
[2026-09-18T03:08:08.304Z] Sincronización completada: 72/73 lotes aplicados exitosamente en [ZeusAgencias_23] (ZEUSAGENCIAS10).
[2026-09-21T18:14:56.431Z] Sincronización completada: 70/73 lotes aplicados exitosamente en [Korex_Pruebas] (ZEUSAGENCIAS10).
[2026-09-21T18:14:59.386Z] Sincronización completada: 72/73 lotes aplicados exitosamente en [ZeusAgencias_23] (ZEUSAGENCIAS10).
[2026-09-21T20:11:15.206Z] Sincronización completada: 70/73 lotes aplicados exitosamente en [Korex_Pruebas] (ZEUSAGENCIAS10).
[2026-09-21T20:11:16.307Z] Sincronización completada: 72/73 lotes aplicados exitosamente en [ZeusAgencias_23] (ZEUSAGENCIAS10).
[2026-09-21T21:41:03.474Z] Sincronización completada: 70/73 lotes aplicados exitosamente en [Korex_Pruebas] (ZEUSAGENCIAS10).
[2026-09-21T21:41:04.528Z] Sincronización completada: 72/73 lotes aplicados exitosamente en [ZeusAgencias_23] (ZEUSAGENCIAS10).
[2026-09-21T21:51:24.455Z] Sincronización completada: 70/73 lotes aplicados exitosamente en [Korex_Pruebas] (ZEUSAGENCIAS10).
[2026-09-21T21:51:25.892Z] Sincronización completada: 72/73 lotes aplicados exitosamente en [ZeusAgencias_23] (ZEUSAGENCIAS10).
[2026-09-21T21:53:21.376Z] Sincronización completada: 70/73 lotes aplicados exitosamente en [Korex_Pruebas] (ZEUSAGENCIAS10).
[2026-09-21T21:53:22.204Z] Sincronización completada: 72/73 lotes aplicados exitosamente en [ZeusAgencias_23] (ZEUSAGENCIAS10).
[2026-09-22T17:55:24.718Z] Sincronización completada: 70/73 lotes aplicados exitosamente en [Korex_Pruebas] (ZEUSAGENCIAS10).
[2026-09-22T17:55:25.912Z] Sincronización completada: 72/73 lotes aplicados exitosamente en [ZeusAgencias_23] (ZEUSAGENCIAS10).
[2026-09-22T18:13:32.298Z] Sincronización completada: 70/73 lotes aplicados exitosamente en [Korex_Pruebas] (ZEUSAGENCIAS10).
[2026-09-22T18:13:34.233Z] Sincronización completada: 72/73 lotes aplicados exitosamente en [ZeusAgencias_23] (ZEUSAGENCIAS10).
[2026-09-22T18:16:51.784Z] Sincronización completada: 70/73 lotes aplicados exitosamente en [Korex_Pruebas] (ZEUSAGENCIAS10).
[2026-09-22T18:16:52.981Z] Sincronización completada: 72/73 lotes aplicados exitosamente en [ZeusAgencias_23] (ZEUSAGENCIAS10).
[2026-09-22T18:20:41.355Z] Sincronización completada: 70/73 lotes aplicados exitosamente en [Korex_Pruebas] (ZEUSAGENCIAS10).
[2026-09-22T18:20:42.738Z] Sincronización completada: 72/73 lotes aplicados exitosamente en [ZeusAgencias_23] (ZEUSAGENCIAS10).
[2026-09-22T18:22:35.538Z] Sincronización completada: 70/73 lotes aplicados exitosamente en [Korex_Pruebas] (ZEUSAGENCIAS10).
[2026-09-22T18:22:36.571Z] Sincronización completada: 72/73 lotes aplicados exitosamente en [ZeusAgencias_23] (ZEUSAGENCIAS10).
[2026-09-22T18:23:56.430Z] Sincronización completada: 70/73 lotes aplicados exitosamente en [Korex_Pruebas] (ZEUSAGENCIAS10).
[2026-09-22T18:23:58.069Z] Sincronización completada: 72/73 lotes aplicados exitosamente en [ZeusAgencias_23] (ZEUSAGENCIAS10).
[2026-09-22T18:25:54.738Z] Sincronización completada: 70/73 lotes aplicados exitosamente en [Korex_Pruebas] (ZEUSAGENCIAS10).
[2026-09-22T18:25:56.043Z] Sincronización completada: 72/73 lotes aplicados exitosamente en [ZeusAgencias_23] (ZEUSAGENCIAS10).
[2026-09-22T18:28:33.421Z] Sincronización completada: 70/73 lotes aplicados exitosamente en [Korex_Pruebas] (ZEUSAGENCIAS10).
[2026-09-22T18:28:34.707Z] Sincronización completada: 72/73 lotes aplicados exitosamente en [ZeusAgencias_23] (ZEUSAGENCIAS10).
[2026-09-22T18:28:58.017Z] Sincronización completada: 70/73 lotes aplicados exitosamente en [Korex_Pruebas] (ZEUSAGENCIAS10).
[2026-09-22T18:28:59.069Z] Sincronización completada: 72/73 lotes aplicados exitosamente en [ZeusAgencias_23] (ZEUSAGENCIAS10).
[2026-09-22T19:13:45.205Z] Sincronización completada: 70/73 lotes aplicados exitosamente en [Korex_Pruebas] (ZEUSAGENCIAS10).
[2026-09-22T19:13:47.103Z] Sincronización completada: 72/73 lotes aplicados exitosamente en [ZeusAgencias_23] (ZEUSAGENCIAS10).
[2026-09-22T19:17:15.708Z] Sincronización completada: 70/73 lotes aplicados exitosamente en [Korex_Pruebas] (ZEUSAGENCIAS10).
[2026-09-22T19:17:16.776Z] Sincronización completada: 72/73 lotes aplicados exitosamente en [ZeusAgencias_23] (ZEUSAGENCIAS10).
[2026-09-22T19:36:02.838Z] Sincronización completada: 70/73 lotes aplicados exitosamente en [Korex_Pruebas] (ZEUSAGENCIAS10).
[2026-09-22T19:36:03.598Z] Sincronización completada: 71/73 lotes aplicados exitosamente en [ZeusAgencias_23] (ZEUSAGENCIAS10).
[2026-09-22T19:38:26.254Z] Sincronización completada: 70/73 lotes aplicados exitosamente en [Korex_Pruebas] (ZEUSAGENCIAS10).
[2026-09-22T19:38:26.882Z] Sincronización completada: 72/73 lotes aplicados exitosamente en [ZeusAgencias_23] (ZEUSAGENCIAS10).
[2026-09-22T20:20:34.467Z] Sincronización completada: 70/73 lotes aplicados exitosamente en [Korex_Pruebas] (ZEUSAGENCIAS10).
[2026-09-22T20:20:35.272Z] Sincronización completada: 72/73 lotes aplicados exitosamente en [ZeusAgencias_23] (ZEUSAGENCIAS10).
[2026-09-22T20:31:52.969Z] Sincronización completada: 70/73 lotes aplicados exitosamente en [Korex_Pruebas] (ZEUSAGENCIAS10).
[2026-09-22T20:31:53.765Z] Sincronización completada: 72/73 lotes aplicados exitosamente en [ZeusAgencias_23] (ZEUSAGENCIAS10).
[2026-09-22T20:55:37.348Z] Sincronización completada: 70/73 lotes aplicados exitosamente en [Korex_Pruebas] (ZEUSAGENCIAS10).
[2026-09-22T20:55:38.458Z] Sincronización completada: 72/73 lotes aplicados exitosamente en [ZeusAgencias_23] (ZEUSAGENCIAS10).
[2026-09-22T20:56:48.931Z] Sincronización completada: 70/73 lotes aplicados exitosamente en [Korex_Pruebas] (ZEUSAGENCIAS10).
[2026-09-22T20:56:49.342Z] Sincronización completada: 71/73 lotes aplicados exitosamente en [ZeusAgencias_23] (ZEUSAGENCIAS10).
[2026-09-22T20:58:51.174Z] Sincronización completada: 70/73 lotes aplicados exitosamente en [Korex_Pruebas] (ZEUSAGENCIAS10).
[2026-09-22T20:58:52.321Z] Sincronización completada: 72/73 lotes aplicados exitosamente en [ZeusAgencias_23] (ZEUSAGENCIAS10).
[2026-09-22T21:52:14.938Z] Sincronización completada: 70/73 lotes aplicados exitosamente en [Korex_Pruebas] (ZEUSAGENCIAS10).
[2026-09-22T21:52:15.678Z] Sincronización completada: 72/73 lotes aplicados exitosamente en [ZeusAgencias_23] (ZEUSAGENCIAS10).
[2026-09-22T21:57:21.699Z] Sincronización completada: 70/73 lotes aplicados exitosamente en [Korex_Pruebas] (ZEUSAGENCIAS10).
[2026-09-22T21:57:22.427Z] Sincronización completada: 72/73 lotes aplicados exitosamente en [ZeusAgencias_23] (ZEUSAGENCIAS10).
[2026-09-22T22:03:01.580Z] Sincronización completada: 73/76 lotes aplicados exitosamente en [Korex_Pruebas] (ZEUSAGENCIAS10).
[2026-09-22T22:03:02.481Z] Sincronización completada: 75/76 lotes aplicados exitosamente en [ZeusAgencias_23] (ZEUSAGENCIAS10).
[2026-09-22T22:08:07.748Z] Sincronización completada: 70/72 lotes aplicados exitosamente en [Korex_Pruebas] (ZEUSAGENCIAS10).
[2026-09-22T22:08:08.093Z] Sincronización completada: 71/72 lotes aplicados exitosamente en [ZeusAgencias_23] (ZEUSAGENCIAS10).
[2026-09-22T22:50:15.655Z] Sincronización completada: 70/72 lotes aplicados exitosamente en [Korex_Pruebas] (ZEUSAGENCIAS10).
[2026-09-22T22:50:16.477Z] Sincronización completada: 70/72 lotes aplicados exitosamente en [ZeusAgencias_23] (ZEUSAGENCIAS10).
[2026-09-22T22:50:41.512Z] Sincronización completada: 70/72 lotes aplicados exitosamente en [Korex_Pruebas] (ZEUSAGENCIAS10).
[2026-09-22T22:50:41.905Z] Sincronización completada: 71/72 lotes aplicados exitosamente en [ZeusAgencias_23] (ZEUSAGENCIAS10).
[2026-09-22T23:00:24.329Z] Sincronización completada: 70/72 lotes aplicados exitosamente en [Korex_Pruebas] (ZEUSAGENCIAS10).
[2026-09-22T23:00:26.456Z] Sincronización completada: 71/72 lotes aplicados exitosamente en [ZeusAgencias_23] (ZEUSAGENCIAS10).
[2026-09-22T23:09:33.052Z] Sincronización completada: 70/72 lotes aplicados exitosamente en [Korex_Pruebas] (ZEUSAGENCIAS10).
[2026-09-22T23:09:34.401Z] Sincronización completada: 71/72 lotes aplicados exitosamente en [ZeusAgencias_23] (ZEUSAGENCIAS10).
[2026-09-22T23:10:27.881Z] Sincronización completada: 70/72 lotes aplicados exitosamente en [Korex_Pruebas] (ZEUSAGENCIAS10).
[2026-09-22T23:10:28.301Z] Sincronización completada: 70/72 lotes aplicados exitosamente en [Korex_Pruebas] (ZEUSAGENCIAS10).
[2026-09-22T23:10:28.723Z] Sincronización completada: 71/72 lotes aplicados exitosamente en [ZeusAgencias_23] (ZEUSAGENCIAS10).
[2026-09-22T23:10:29.159Z] Sincronización completada: 71/72 lotes aplicados exitosamente en [ZeusAgencias_23] (ZEUSAGENCIAS10).
[2026-09-22T23:29:44.626Z] Sincronización completada: 70/72 lotes aplicados exitosamente en [Korex_Pruebas] (ZEUSAGENCIAS10).
[2026-09-22T23:29:46.667Z] Sincronización completada: 71/72 lotes aplicados exitosamente en [ZeusAgencias_23] (ZEUSAGENCIAS10).
[2026-09-22T23:37:43.542Z] Sincronización completada: 70/72 lotes aplicados exitosamente en [Korex_Pruebas] (ZEUSAGENCIAS10).
[2026-09-22T23:37:44.710Z] Sincronización completada: 71/72 lotes aplicados exitosamente en [ZeusAgencias_23] (ZEUSAGENCIAS10).
[2026-09-22T23:39:49.940Z] Sincronización completada: 70/72 lotes aplicados exitosamente en [Korex_Pruebas] (ZEUSAGENCIAS10).
[2026-09-22T23:39:51.097Z] Sincronización completada: 71/72 lotes aplicados exitosamente en [ZeusAgencias_23] (ZEUSAGENCIAS10).
[2026-09-22T23:41:33.670Z] Sincronización completada: 70/72 lotes aplicados exitosamente en [Korex_Pruebas] (ZEUSAGENCIAS10).
[2026-09-22T23:41:34.654Z] Sincronización completada: 71/72 lotes aplicados exitosamente en [ZeusAgencias_23] (ZEUSAGENCIAS10).
[2026-09-22T23:43:55.809Z] Sincronización completada: 70/72 lotes aplicados exitosamente en [Korex_Pruebas] (ZEUSAGENCIAS10).
[2026-09-22T23:43:56.632Z] Sincronización completada: 71/72 lotes aplicados exitosamente en [ZeusAgencias_23] (ZEUSAGENCIAS10).
[2026-09-22T23:45:25.000Z] Sincronización completada: 70/72 lotes aplicados exitosamente en [Korex_Pruebas] (ZEUSAGENCIAS10).
[2026-09-22T23:45:25.809Z] Sincronización completada: 71/72 lotes aplicados exitosamente en [ZeusAgencias_23] (ZEUSAGENCIAS10).
[2026-09-22T23:48:14.376Z] Sincronización completada: 70/72 lotes aplicados exitosamente en [Korex_Pruebas] (ZEUSAGENCIAS10).
[2026-09-22T23:48:16.631Z] Sincronización completada: 71/72 lotes aplicados exitosamente en [ZeusAgencias_23] (ZEUSAGENCIAS10).
[2026-09-22T23:50:36.366Z] Sincronización completada: 70/72 lotes aplicados exitosamente en [Korex_Pruebas] (ZEUSAGENCIAS10).
[2026-09-22T23:50:37.388Z] Sincronización completada: 71/72 lotes aplicados exitosamente en [ZeusAgencias_23] (ZEUSAGENCIAS10).
[2026-09-22T23:51:39.387Z] Sincronización completada: 70/72 lotes aplicados exitosamente en [Korex_Pruebas] (ZEUSAGENCIAS10).
[2026-09-22T23:51:40.266Z] Sincronización completada: 71/72 lotes aplicados exitosamente en [ZeusAgencias_23] (ZEUSAGENCIAS10).
[2026-09-23T00:27:54.071Z] Sincronización completada: 70/72 lotes aplicados exitosamente en [Korex_Pruebas] (ZEUSAGENCIAS10).
[2026-09-23T00:27:55.886Z] Sincronización completada: 71/72 lotes aplicados exitosamente en [ZeusAgencias_23] (ZEUSAGENCIAS10).
[2026-09-23T00:29:45.692Z] Sincronización completada: 70/72 lotes aplicados exitosamente en [Korex_Pruebas] (ZEUSAGENCIAS10).
[2026-09-23T00:29:47.072Z] Sincronización completada: 71/72 lotes aplicados exitosamente en [ZeusAgencias_23] (ZEUSAGENCIAS10).
[2026-09-23T15:35:56.953Z] Sincronización completada: 74/76 lotes aplicados exitosamente en [Korex_Pruebas] (ZEUSAGENCIAS10).
[2026-09-23T15:35:59.333Z] Sincronización completada: 75/76 lotes aplicados exitosamente en [ZeusAgencias_23] (ZEUSAGENCIAS10).
[2026-09-23T15:50:12.942Z] Sincronización completada: 70/72 lotes aplicados exitosamente en [Korex_Pruebas] (ZEUSAGENCIAS10).
[2026-09-23T15:50:14.697Z] Sincronización completada: 71/72 lotes aplicados exitosamente en [ZeusAgencias_23] (ZEUSAGENCIAS10).
